==== gred_command 
---- It ":Gred" 
.3 lines greded........
2 lines greded........
2 lines greded........
0 lines greded........

==== gred_function 
---- It "grex#delete()" 
.3 lines greded........
2 lines greded........
2 lines greded........
0 lines greded.........
1 lines greded........

==== gred_operator 
---- It "<Plug>(operator-grex-delete)" 
.3 lines greded........2 lines greded........2 lines greded........0 lines greded........

==== grey_command 
---- It ":Grey" 
.
3 lines greyed......
2 lines greyed......
2 lines greyed......
0 lines greyed......

==== grey_function 
---- It "grex#yank()" 
.
3 lines greyed......
2 lines greyed......
2 lines greyed......
0 lines greyed......
1 lines greyed......

==== grey_operator 
---- It "<Plug>(operator-grex-yank)" 
.3 lines greyed......2 lines greyed......2 lines greyed......0 lines greyed......

==== operator_register_designation 
---- It "Operators with register designation" 
.1 lines greded.........1 lines greyed..........



**** Result ****


209 examples, 0 failures
